
> frontend@0.1.0 build
> next build

node.exe : ΓÜá Warning: Next.js 
inferred your workspace root, but 
it may not be correct.
At line:1 char:1
+ & "C:\Program 
Files\nodejs/node.exe" "C:\Program 
Files\nodejs/node_mo ...
+ ~~~~~~~~~~~~~~~~~~~~~~~~~~~~~~~~~
~~~~~~~~~~~~~~~~~~~~~~~~~~~~~~~~~~~
~
    + CategoryInfo          : NotS 
   pecified: (ΓÜá Warning: Ne...n  
  ot be correct.:String) [], Rem   
 oteException
    + FullyQualifiedErrorId : Nati 
   veCommandError
 
 We detected multiple lockfiles 
and selected the directory of 
C:\Users\hp\package-lock.json as 
the root directory.
 To silence this warning, set 
`turbopack.root` in your Next.js 
config, or consider removing one 
of the lockfiles if it's not 
needed.
   See https://nextjs.org/docs/app/
api-reference/config/next-config-js
/turbopack#root-directory for more 
information.
 Detected additional lockfiles: 
   * C:\Users\hp\Desktop\GUHAAD-Por
tfolio\frontend\package-lock.json

Γû▓ Next.js 16.1.6 (Turbopack)
- Environments: .env

  Creating an optimized production build ...
Γ£ô Compiled successfully in 3.1s
  Running TypeScript ...
  Collecting page data using 11 workers ...
  Generating static pages using 11 workers (0/30) ...
  Generating static pages using 11 workers (7/30) 
  Generating static pages using 11 workers (14/30) 
  Generating static pages using 11 workers (22/30) 
Γ£ô Generating static pages using 11 workers (30/30) in 442.1ms
  Finalizing page optimization ...

Route (app)
Γöî Γùï /
Γö£ Γùï /_not-found
Γö£ Γùï /about
Γö£ ╞Æ /api/auth/login
Γö£ ╞Æ /api/auth/register
Γö£ ╞Æ /api/categories
Γö£ ╞Æ /api/categories/[id]
Γö£ ╞Æ /api/gallery
Γö£ ╞Æ /api/gallery/[id]
Γö£ ╞Æ /api/messages
Γö£ ╞Æ /api/messages/[id]
Γö£ ╞Æ /api/projects
Γö£ ╞Æ /api/projects/[id]
Γö£ ╞Æ /api/resume
Γö£ ╞Æ /api/resume/[id]
Γö£ ╞Æ /api/services
Γö£ ╞Æ /api/services/[id]
Γö£ ╞Æ /api/settings
Γö£ ╞Æ /api/testimonials
Γö£ ╞Æ /api/testimonials/[id]
Γö£ ╞Æ /api/users
Γö£ ╞Æ /api/users/[id]
Γö£ Γùï /contact
Γö£ Γùï /dashboard
Γö£ Γùï /dashboard/categories
Γö£ Γùï /dashboard/gallery
Γö£ Γùï /dashboard/messages
Γö£ Γùï /dashboard/projects
Γö£ Γùï /dashboard/resume
Γö£ Γùï /dashboard/services
Γö£ Γùï /dashboard/settings
Γö£ Γùï /dashboard/testimonials
Γö£ Γùï /dashboard/users
Γö£ Γùï /gallery
Γö£ Γùï /login
Γö£ Γùï /portfolio
Γö£ ╞Æ /portfolio/[id]
Γöö Γùï /services


Γùï  (Static)   prerendered as static content
╞Æ  (Dynamic)  server-rendered on demand

